// Jest Snapshot v1, https://goo.gl/fbAQLP

exports[`Message a warning message has close button 1`] = `"<div class=\\"close\\" style=\\"opacity:1\\"><svg xmlns=\\"http://www.w3.org/2000/svg\\" viewBox=\\"0 0 24 24\\" width=\\"24\\" height=\\"24\\"><title>Close Message</title><path fill=\\"none\\" d=\\"M0 0h24v24H0z\\"></path><path d=\\"M12 10.586l4.95-4.95 1.414 1.414-4.95 4.95 4.95 4.95-1.414 1.414-4.95-4.95-4.95 4.95-1.414-1.414 4.95-4.95-4.95-4.95L7.05 5.636z\\"></path></svg></div>"`;

exports[`Message a warning message has warning icon 1`] = `"<div class=\\"level\\" style=\\"opacity:1\\"><svg xmlns=\\"http://www.w3.org/2000/svg\\" viewBox=\\"0 0 24 24\\" width=\\"24\\" height=\\"24\\"><title>Warning Message</title><path fill=\\"none\\" d=\\"M0 0h24v24H0z\\"></path><path d=\\"M12.866 3l9.526 16.5a1 1 0 0 1-.866 1.5H2.474a1 1 0 0 1-.866-1.5L11.134 3a1 1 0 0 1 1.732 0zm-8.66 16h15.588L12 5.5 4.206 19zM11 16h2v2h-2v-2zm0-7h2v5h-2V9z\\"></path></svg></div>"`;

exports[`Message an error message has close button 1`] = `"<div class=\\"close\\" style=\\"opacity:1\\"><svg xmlns=\\"http://www.w3.org/2000/svg\\" viewBox=\\"0 0 24 24\\" width=\\"24\\" height=\\"24\\"><title>Close Message</title><path fill=\\"none\\" d=\\"M0 0h24v24H0z\\"></path><path d=\\"M12 10.586l4.95-4.95 1.414 1.414-4.95 4.95 4.95 4.95-1.414 1.414-4.95-4.95-4.95 4.95-1.414-1.414 4.95-4.95-4.95-4.95L7.05 5.636z\\"></path></svg></div>"`;

exports[`Message an error message has error icon 1`] = `"<div class=\\"level\\" style=\\"opacity:1\\"><svg xmlns=\\"http://www.w3.org/2000/svg\\" viewBox=\\"0 0 24 24\\" width=\\"24\\" height=\\"24\\"><title>Error Message</title><path fill=\\"none\\" d=\\"M0 0h24v24H0z\\"></path><path d=\\"M12 22C6.477 22 2 17.523 2 12S6.477 2 12 2s10 4.477 10 10-4.477 10-10 10zm0-2a8 8 0 1 0 0-16 8 8 0 0 0 0 16zm-1-5h2v2h-2v-2zm0-8h2v6h-2V7z\\"></path></svg></div>"`;

exports[`Message an info message has close button 1`] = `"<div class=\\"close\\" style=\\"opacity:1\\"><svg xmlns=\\"http://www.w3.org/2000/svg\\" viewBox=\\"0 0 24 24\\" width=\\"24\\" height=\\"24\\"><title>Close Message</title><path fill=\\"none\\" d=\\"M0 0h24v24H0z\\"></path><path d=\\"M12 10.586l4.95-4.95 1.414 1.414-4.95 4.95 4.95 4.95-1.414 1.414-4.95-4.95-4.95 4.95-1.414-1.414 4.95-4.95-4.95-4.95L7.05 5.636z\\"></path></svg></div>"`;

exports[`Message an info message has info icon 1`] = `"<div class=\\"level\\" style=\\"opacity:1\\"><svg xmlns=\\"http://www.w3.org/2000/svg\\" viewBox=\\"0 0 24 24\\" width=\\"24\\" height=\\"24\\"><title>Information Message</title><path fill=\\"none\\" d=\\"M0 0h24v24H0z\\"></path><path d=\\"M12 22C6.477 22 2 17.523 2 12S6.477 2 12 2s10 4.477 10 10-4.477 10-10 10zm0-2a8 8 0 1 0 0-16 8 8 0 0 0 0 16zm-.997-4L6.76 11.757l1.414-1.414 2.829 2.829 5.656-5.657 1.415 1.414L11.003 16z\\"></path></svg></div>"`;
